[INFO] Scanning for projects...
[INFO] 
[INFO] --------------------< com.example:registration-otp >--------------------
[INFO] Building registration-otp 0.0.1-SNAPSHOT
[INFO]   from pom.xml
[INFO] --------------------------------[ jar ]---------------------------------
[INFO] 
[INFO] >>> spring-boot:3.5.11:run (default-cli) > test-compile @ registration-otp >>>
[INFO] 
[INFO] --- resources:3.3.1:resources (default-resources) @ registration-otp ---
[INFO] Copying 1 resource from src\main\resources to target\classes
[INFO] Copying 3 resources from src\main\resources to target\classes
[INFO] 
[INFO] --- compiler:3.14.1:compile (default-compile) @ registration-otp ---
[INFO] Nothing to compile - all classes are up to date.
[INFO] 
[INFO] --- resources:3.3.1:testResources (default-testResources) @ registration-otp ---
[INFO] skip non existing resourceDirectory C:\Users\tnqua\Downloads\springboot\src\test\resources
[INFO] 
[INFO] --- compiler:3.14.1:testCompile (default-testCompile) @ registration-otp ---
[INFO] Nothing to compile - all classes are up to date.
[INFO] 
[INFO] <<< spring-boot:3.5.11:run (default-cli) < test-compile @ registration-otp <<<
[INFO] 
[INFO] 
[INFO] --- spring-boot:3.5.11:run (default-cli) @ registration-otp ---
[INFO] Attaching agents: []

  .   ____          _            __ _ _
 /\\ / ___'_ __ _ _(_)_ __  __ _ \ \ \ \
( ( )\___ | '_ | '_| | '_ \/ _` | \ \ \ \
 \\/  ___)| |_)| | | | | || (_| |  ) ) ) )
  '  |____| .__|_| |_|_| |_\__, | / / / /
 =========|_|==============|___/=/_/_/_/

 :: Spring Boot ::               (v3.5.11)

2026-03-22T20:04:29.827+07:00  INFO 27076 --- [           main] c.e.r.RegistrationOtpApplication         : Starting RegistrationOtpApplication using Java 21.0.5 with PID 27076 (C:\Users\tnqua\Downloads\springboot\target\classes started by tnqua in C:\Users\tnqua\Downloads\springboot)
2026-03-22T20:04:29.827+07:00  INFO 27076 --- [           main] c.e.r.RegistrationOtpApplication         : No active profile set, falling back to 1 default profile: "default"
2026-03-22T20:04:30.331+07:00  INFO 27076 --- [           main] .s.d.r.c.RepositoryConfigurationDelegate : Bootstrapping Spring Data JPA repositories in DEFAULT mode.
2026-03-22T20:04:30.402+07:00  INFO 27076 --- [           main] .s.d.r.c.RepositoryConfigurationDelegate : Finished Spring Data repository scanning in 59 ms. Found 18 JPA repository interfaces.
2026-03-22T20:04:30.729+07:00  INFO 27076 --- [           main] o.s.b.w.embedded.tomcat.TomcatWebServer  : Tomcat initialized with port 8080 (http)
2026-03-22T20:04:30.737+07:00  INFO 27076 --- [           main] o.apache.catalina.core.StandardService   : Starting service [Tomcat]
2026-03-22T20:04:30.737+07:00  INFO 27076 --- [           main] o.apache.catalina.core.StandardEngine    : Starting Servlet engine: [Apache Tomcat/10.1.52]
2026-03-22T20:04:30.771+07:00  INFO 27076 --- [           main] o.a.c.c.C.[Tomcat].[localhost].[/]       : Initializing Spring embedded WebApplicationContext
2026-03-22T20:04:30.771+07:00  INFO 27076 --- [           main] w.s.c.ServletWebServerApplicationContext : Root WebApplicationContext: initialization completed in 906 ms
2026-03-22T20:04:30.862+07:00  INFO 27076 --- [           main] o.hibernate.jpa.internal.util.LogHelper  : HHH000204: Processing PersistenceUnitInfo [name: default]
2026-03-22T20:04:30.877+07:00  INFO 27076 --- [           main] org.hibernate.Version                    : HHH000412: Hibernate ORM core version 6.6.42.Final
2026-03-22T20:04:30.903+07:00  INFO 27076 --- [           main] o.h.c.internal.RegionFactoryInitiator    : HHH000026: Second-level cache disabled
2026-03-22T20:04:31.044+07:00  INFO 27076 --- [           main] o.s.o.j.p.SpringPersistenceUnitInfo      : No LoadTimeWeaver setup: ignoring JPA class transformer
2026-03-22T20:04:31.065+07:00  INFO 27076 --- [           main] com.zaxxer.hikari.HikariDataSource       : HikariPool-1 - Starting...
2026-03-22T20:04:31.161+07:00  INFO 27076 --- [           main] com.zaxxer.hikari.pool.HikariPool        : HikariPool-1 - Added connection com.mysql.cj.jdbc.ConnectionImpl@745926c3
2026-03-22T20:04:31.161+07:00  INFO 27076 --- [           main] com.zaxxer.hikari.HikariDataSource       : HikariPool-1 - Start completed.
2026-03-22T20:04:31.227+07:00  INFO 27076 --- [           main] org.hibernate.orm.connections.pooling    : HHH10001005: Database info:
	Database JDBC URL [Connecting through datasource 'HikariDataSource (HikariPool-1)']
	Database driver: undefined/unknown
	Database version: 8.0.39
	Autocommit mode: undefined/unknown
	Isolation level: undefined/unknown
	Minimum pool size: undefined/unknown
	Maximum pool size: undefined/unknown
2026-03-22T20:04:31.979+07:00  INFO 27076 --- [           main] o.h.e.t.j.p.i.JtaPlatformInitiator       : HHH000489: No JTA platform available (set 'hibernate.transaction.jta.platform' to enable JTA platform integration)
Hibernate: alter table carts modify column status enum ('OPEN') not null
Hibernate: create table customer_feedbacks (id bigint not null auto_increment, category enum ('APP_EXPERIENCE','DELIVERY','GENERAL','ORDER_EXPERIENCE','OTHER','PRODUCT_QUALITY','STORE_SERVICE') not null, created_at datetime(6) not null, message varchar(3000) not null, subject varchar(180) not null, updated_at datetime(6) not null, related_store_id bigint, user_id bigint not null, primary key (id)) engine=InnoDB
Hibernate: alter table favorites modify column target_type enum ('DISH','EVENT','STORE') not null
Hibernate: alter table orders modify column delivery_type enum ('IMMEDIATE','SCHEDULED') not null
Hibernate: alter table orders modify column payment_status enum ('CANCELLED','FAILED','PAID','PENDING') not null
Hibernate: alter table orders modify column promotion_scope enum ('DISH','ORDER')
Hibernate: alter table orders modify column status enum ('CANCELLED','COMPLETED','CONFIRMED','OUT_FOR_DELIVERY','PENDING','PREPARING','READY_FOR_SHIPPER') not null
Hibernate: alter table promotions modify column discount_type enum ('FIXED_AMOUNT','PERCENT') not null
Hibernate: alter table promotions modify column scope enum ('DISH','ORDER') not null
Hibernate: alter table reviews modify column target_type enum ('CATEGORY','DISH','EVENT','STORE') not null
Hibernate: alter table users modify column role enum ('ADMIN','MANAGER','SHIPPER','STAFF','USER') not null
Hibernate: alter table customer_feedbacks add constraint FKrhc7t0imekdob5cw74bo80cju foreign key (related_store_id) references stores (id)
Hibernate: alter table customer_feedbacks add constraint FKou0o03ij4sesxchs0w9t7f7eq foreign key (user_id) references users (id)
2026-03-22T20:04:32.487+07:00  INFO 27076 --- [           main] j.LocalContainerEntityManagerFactoryBean : Initialized JPA EntityManagerFactory for persistence unit 'default'
2026-03-22T20:04:34.045+07:00  INFO 27076 --- [           main] o.s.b.w.embedded.tomcat.TomcatWebServer  : Tomcat started on port 8080 (http) with context path '/'
2026-03-22T20:04:34.064+07:00  INFO 27076 --- [           main] c.e.r.RegistrationOtpApplication         : Started RegistrationOtpApplication in 4.469 seconds (process running for 4.673)
2026-03-22T20:05:04.891+07:00  INFO 27076 --- [nio-8080-exec-1] o.a.c.c.C.[Tomcat].[localhost].[/]       : Initializing Spring DispatcherServlet 'dispatcherServlet'
2026-03-22T20:05:04.891+07:00  INFO 27076 --- [nio-8080-exec-1] o.s.web.servlet.DispatcherServlet        : Initializing Servlet 'dispatcherServlet'
2026-03-22T20:05:04.893+07:00  INFO 27076 --- [nio-8080-exec-1] o.s.web.servlet.DispatcherServlet        : Completed initialization in 2 ms
Hibernate: select u1_0.id,u1_0.created_at,u1_0.email,u1_0.enabled,u1_0.full_name,u1_0.password_hash,u1_0.role,u1_0.updated_at,u1_0.verified_at,u1_0.working_store_id from users u1_0 where u1_0.email=?
Hibernate: select us1_0.id,us1_0.created_at,us1_0.expires_at,us1_0.token,us1_0.user_id from user_sessions us1_0 join users u1_0 on u1_0.id=us1_0.user_id where u1_0.id=?
Hibernate: insert into user_sessions (created_at,expires_at,token,user_id) values (?,?,?,?)
Hibernate: select us1_0.id,us1_0.created_at,us1_0.expires_at,us1_0.token,us1_0.user_id from user_sessions us1_0 where us1_0.token=?
Hibernate: select u1_0.id,u1_0.created_at,u1_0.email,u1_0.enabled,u1_0.full_name,u1_0.password_hash,u1_0.role,u1_0.updated_at,u1_0.verified_at,ws1_0.id,ws1_0.active,ws1_0.address,ws1_0.area,ws1_0.close_time,ws1_0.contact_email,ws1_0.created_at,ws1_0.description,ws1_0.design_signature,ws1_0.franchise_mood,ws1_0.highlight_summary,ws1_0.hours_text,ws1_0.latitude,ws1_0.longitude,ws1_0.name,ws1_0.open_time,ws1_0.personality,ws1_0.phone_number,ws1_0.position_label,ws1_0.slug,ws1_0.specialty,ws1_0.updated_at from users u1_0 left join stores ws1_0 on ws1_0.id=u1_0.working_store_id where u1_0.id=?
Hibernate: insert into customer_feedbacks (category,created_at,message,related_store_id,subject,updated_at,user_id) values (?,?,?,?,?,?,?)
Hibernate: select u1_0.id,u1_0.created_at,u1_0.email,u1_0.enabled,u1_0.full_name,u1_0.password_hash,u1_0.role,u1_0.updated_at,u1_0.verified_at,u1_0.working_store_id from users u1_0 where u1_0.email=?
Hibernate: select us1_0.id,us1_0.created_at,us1_0.expires_at,us1_0.token,us1_0.user_id from user_sessions us1_0 join users u1_0 on u1_0.id=us1_0.user_id where u1_0.id=?
Hibernate: insert into user_sessions (created_at,expires_at,token,user_id) values (?,?,?,?)
Hibernate: delete from user_sessions where id=?
Hibernate: select us1_0.id,us1_0.created_at,us1_0.expires_at,us1_0.token,us1_0.user_id from user_sessions us1_0 where us1_0.token=?
Hibernate: select u1_0.id,u1_0.created_at,u1_0.email,u1_0.enabled,u1_0.full_name,u1_0.password_hash,u1_0.role,u1_0.updated_at,u1_0.verified_at,ws1_0.id,ws1_0.active,ws1_0.address,ws1_0.area,ws1_0.close_time,ws1_0.contact_email,ws1_0.created_at,ws1_0.description,ws1_0.design_signature,ws1_0.franchise_mood,ws1_0.highlight_summary,ws1_0.hours_text,ws1_0.latitude,ws1_0.longitude,ws1_0.name,ws1_0.open_time,ws1_0.personality,ws1_0.phone_number,ws1_0.position_label,ws1_0.slug,ws1_0.specialty,ws1_0.updated_at from users u1_0 left join stores ws1_0 on ws1_0.id=u1_0.working_store_id where u1_0.id=?
Hibernate: select cf1_0.id,cf1_0.category,cf1_0.created_at,cf1_0.message,cf1_0.related_store_id,cf1_0.subject,cf1_0.updated_at,cf1_0.user_id from customer_feedbacks cf1_0 join users u1_0 on u1_0.id=cf1_0.user_id where cf1_0.id=? and u1_0.id=?
Hibernate: delete from customer_feedbacks where id=?
^C