[INFO] Scanning for projects...
[INFO] 
[INFO] --------------------< com.example:registration-otp >--------------------
[INFO] Building registration-otp 0.0.1-SNAPSHOT
[INFO]   from pom.xml
[INFO] --------------------------------[ jar ]---------------------------------
[INFO] 
[INFO] >>> spring-boot:3.5.11:run (default-cli) > test-compile @ registration-otp >>>
[INFO] 
[INFO] --- resources:3.3.1:resources (default-resources) @ registration-otp ---
[INFO] Copying 2 resources from src\main\resources to target\classes
[INFO] Copying 3 resources from src\main\resources to target\classes
[INFO] 
[INFO] --- compiler:3.14.1:compile (default-compile) @ registration-otp ---
[INFO] Nothing to compile - all classes are up to date.
[INFO] 
[INFO] --- resources:3.3.1:testResources (default-testResources) @ registration-otp ---
[INFO] skip non existing resourceDirectory C:\project4\springboot\src\test\resources
[INFO] 
[INFO] --- compiler:3.14.1:testCompile (default-testCompile) @ registration-otp ---
[INFO] Nothing to compile - all classes are up to date.
[INFO] 
[INFO] <<< spring-boot:3.5.11:run (default-cli) < test-compile @ registration-otp <<<
[INFO] 
[INFO] 
[INFO] --- spring-boot:3.5.11:run (default-cli) @ registration-otp ---
[INFO] Attaching agents: []

  .   ____          _            __ _ _
 /\\ / ___'_ __ _ _(_)_ __  __ _ \ \ \ \
( ( )\___ | '_ | '_| | '_ \/ _` | \ \ \ \
 \\/  ___)| |_)| | | | | || (_| |  ) ) ) )
  '  |____| .__|_| |_|_| |_\__, | / / / /
 =========|_|==============|___/=/_/_/_/

 :: Spring Boot ::               (v3.5.11)

2026-04-15T19:17:52.370+07:00  INFO 20492 --- [           main] c.e.r.RegistrationOtpApplication         : Starting RegistrationOtpApplication using Java 21.0.5 with PID 20492 (C:\project4\springboot\target\classes started by tnqua in C:\project4\springboot)
2026-04-15T19:17:52.372+07:00  INFO 20492 --- [           main] c.e.r.RegistrationOtpApplication         : No active profile set, falling back to 1 default profile: "default"
2026-04-15T19:17:53.199+07:00  INFO 20492 --- [           main] .s.d.r.c.RepositoryConfigurationDelegate : Bootstrapping Spring Data JPA repositories in DEFAULT mode.
2026-04-15T19:17:53.360+07:00  INFO 20492 --- [           main] .s.d.r.c.RepositoryConfigurationDelegate : Finished Spring Data repository scanning in 152 ms. Found 25 JPA repository interfaces.
2026-04-15T19:17:53.927+07:00  INFO 20492 --- [           main] o.s.b.w.embedded.tomcat.TomcatWebServer  : Tomcat initialized with port 8080 (http)
2026-04-15T19:17:53.936+07:00  INFO 20492 --- [           main] o.apache.catalina.core.StandardService   : Starting service [Tomcat]
2026-04-15T19:17:53.937+07:00  INFO 20492 --- [           main] o.apache.catalina.core.StandardEngine    : Starting Servlet engine: [Apache Tomcat/10.1.52]
2026-04-15T19:17:53.975+07:00  INFO 20492 --- [           main] o.a.c.c.C.[Tomcat].[localhost].[/]       : Initializing Spring embedded WebApplicationContext
2026-04-15T19:17:53.977+07:00  INFO 20492 --- [           main] w.s.c.ServletWebServerApplicationContext : Root WebApplicationContext: initialization completed in 1560 ms
2026-04-15T19:17:54.108+07:00  INFO 20492 --- [           main] o.hibernate.jpa.internal.util.LogHelper  : HHH000204: Processing PersistenceUnitInfo [name: default]
2026-04-15T19:17:54.139+07:00  INFO 20492 --- [           main] org.hibernate.Version                    : HHH000412: Hibernate ORM core version 6.6.42.Final
2026-04-15T19:17:54.159+07:00  INFO 20492 --- [           main] o.h.c.internal.RegionFactoryInitiator    : HHH000026: Second-level cache disabled
2026-04-15T19:17:54.337+07:00  INFO 20492 --- [           main] o.s.o.j.p.SpringPersistenceUnitInfo      : No LoadTimeWeaver setup: ignoring JPA class transformer
2026-04-15T19:17:54.358+07:00  INFO 20492 --- [           main] com.zaxxer.hikari.HikariDataSource       : HikariPool-1 - Starting...
2026-04-15T19:17:54.502+07:00  INFO 20492 --- [           main] com.zaxxer.hikari.pool.HikariPool        : HikariPool-1 - Added connection com.mysql.cj.jdbc.ConnectionImpl@1ed9d173
2026-04-15T19:17:54.510+07:00  INFO 20492 --- [           main] com.zaxxer.hikari.HikariDataSource       : HikariPool-1 - Start completed.
2026-04-15T19:17:54.615+07:00  INFO 20492 --- [           main] org.hibernate.orm.connections.pooling    : HHH10001005: Database info:
	Database JDBC URL [Connecting through datasource 'HikariDataSource (HikariPool-1)']
	Database driver: undefined/unknown
	Database version: 8.0.39
	Autocommit mode: undefined/unknown
	Isolation level: undefined/unknown
	Minimum pool size: undefined/unknown
	Maximum pool size: undefined/unknown
2026-04-15T19:17:56.499+07:00  INFO 20492 --- [           main] o.h.e.t.j.p.i.JtaPlatformInitiator       : HHH000489: No JTA platform available (set 'hibernate.transaction.jta.platform' to enable JTA platform integration)
Hibernate: alter table carts modify column status enum ('OPEN') not null
Hibernate: alter table content_sections modify column owner_type enum ('DISH','EVENT','NEWS_ARTICLE','STORE') not null
Hibernate: alter table customer_feedbacks modify column category enum ('APP_EXPERIENCE','DELIVERY','GENERAL','ORDER_EXPERIENCE','OTHER','PRODUCT_QUALITY','STORE_SERVICE') not null
Hibernate: alter table customer_feedbacks modify column replied_by_user_role enum ('ADMIN','MANAGER','SHIPPER','STAFF','USER')
Hibernate: alter table email_otps modify column purpose enum ('PASSWORD_RESET','REGISTER_VERIFY')
Hibernate: alter table employee_attendances modify column employee_role enum ('ADMIN','MANAGER','SHIPPER','STAFF','USER') not null
Hibernate: alter table employee_work_schedules modify column employee_role enum ('ADMIN','MANAGER','SHIPPER','STAFF','USER') not null
Hibernate: alter table favorites modify column target_type enum ('DISH','EVENT','STORE') not null
Hibernate: alter table order_scan_audits modify column action enum ('ACCEPT_DELIVERY','ACCEPT_PREPARING') not null
Hibernate: alter table order_scan_audits modify column role enum ('ADMIN','MANAGER','SHIPPER','STAFF','USER')
Hibernate: alter table orders modify column delivery_type enum ('IMMEDIATE','SCHEDULED') not null
Hibernate: alter table orders modify column payment_status enum ('CANCELLED','FAILED','PAID','PENDING') not null
Hibernate: alter table orders modify column promotion_scope enum ('DISH','ORDER')
Hibernate: alter table orders modify column status enum ('CANCELLED','COMPLETED','CONFIRMED','OUT_FOR_DELIVERY','PENDING','PREPARING','READY_FOR_SHIPPER') not null
Hibernate: alter table promotions modify column discount_type enum ('FIXED_AMOUNT','PERCENT') not null
Hibernate: alter table promotions modify column scope enum ('DISH','ORDER') not null
Hibernate: alter table reviews modify column target_type enum ('CATEGORY','DISH','EVENT','STORE') not null
Hibernate: alter table user_notifications modify column type enum ('BRAND_EVENT','NEWS_ARTICLE','ORDER_STATUS','ORDER_TASK') not null
Hibernate: alter table users modify column role enum ('ADMIN','MANAGER','SHIPPER','STAFF','USER') not null
2026-04-15T19:17:57.262+07:00  INFO 20492 --- [           main] j.LocalContainerEntityManagerFactoryBean : Initialized JPA EntityManagerFactory for persistence unit 'default'
2026-04-15T19:17:58.166+07:00  INFO 20492 --- [           main] o.s.d.j.r.query.QueryEnhancerFactory     : Hibernate is in classpath; If applicable, HQL parser will be used.
2026-04-15T19:17:59.655+07:00  INFO 20492 --- [           main] o.s.b.w.embedded.tomcat.TomcatWebServer  : Tomcat started on port 8080 (http) with context path '/'
2026-04-15T19:17:59.662+07:00  INFO 20492 --- [           main] c.e.r.RegistrationOtpApplication         : Started RegistrationOtpApplication in 7.643 seconds (process running for 7.941)
Hibernate: select s1_0.id,s1_0.active,s1_0.address,s1_0.area,s1_0.close_time,s1_0.contact_email,s1_0.created_at,s1_0.description,s1_0.design_signature,s1_0.franchise_mood,s1_0.highlight_summary,s1_0.hours_text,s1_0.latitude,s1_0.longitude,s1_0.name,s1_0.open_time,s1_0.personality,s1_0.phone_number,s1_0.position_label,s1_0.slug,s1_0.specialty,s1_0.updated_at from stores s1_0
Hibernate: select d1_0.id,d1_0.active,d1_0.available,d1_0.category_id,d1_0.created_at,d1_0.description,d1_0.franchise_note,d1_0.franchise_required,d1_0.highlight_summary,d1_0.name,d1_0.note,d1_0.price,d1_0.status,d1_0.updated_at from dishes d1_0
Hibernate: select c1_0.id,c1_0.active,c1_0.created_at,c1_0.description,c1_0.name,c1_0.sort_order,s1_0.id,s1_0.active,s1_0.address,s1_0.area,s1_0.close_time,s1_0.contact_email,s1_0.created_at,s1_0.description,s1_0.design_signature,s1_0.franchise_mood,s1_0.highlight_summary,s1_0.hours_text,s1_0.latitude,s1_0.longitude,s1_0.name,s1_0.open_time,s1_0.personality,s1_0.phone_number,s1_0.position_label,s1_0.slug,s1_0.specialty,s1_0.updated_at,c1_0.updated_at from categories c1_0 left join stores s1_0 on s1_0.id=c1_0.store_id where c1_0.id=?
Hibernate: select c1_0.id,c1_0.active,c1_0.created_at,c1_0.description,c1_0.name,c1_0.sort_order,s1_0.id,s1_0.active,s1_0.address,s1_0.area,s1_0.close_time,s1_0.contact_email,s1_0.created_at,s1_0.description,s1_0.design_signature,s1_0.franchise_mood,s1_0.highlight_summary,s1_0.hours_text,s1_0.latitude,s1_0.longitude,s1_0.name,s1_0.open_time,s1_0.personality,s1_0.phone_number,s1_0.position_label,s1_0.slug,s1_0.specialty,s1_0.updated_at,c1_0.updated_at from categories c1_0 left join stores s1_0 on s1_0.id=c1_0.store_id where c1_0.id=?
Hibernate: select c1_0.id,c1_0.active,c1_0.created_at,c1_0.description,c1_0.name,c1_0.sort_order,s1_0.id,s1_0.active,s1_0.address,s1_0.area,s1_0.close_time,s1_0.contact_email,s1_0.created_at,s1_0.description,s1_0.design_signature,s1_0.franchise_mood,s1_0.highlight_summary,s1_0.hours_text,s1_0.latitude,s1_0.longitude,s1_0.name,s1_0.open_time,s1_0.personality,s1_0.phone_number,s1_0.position_label,s1_0.slug,s1_0.specialty,s1_0.updated_at,c1_0.updated_at from categories c1_0 left join stores s1_0 on s1_0.id=c1_0.store_id where c1_0.id=?
Hibernate: select c1_0.id,c1_0.active,c1_0.created_at,c1_0.description,c1_0.name,c1_0.sort_order,s1_0.id,s1_0.active,s1_0.address,s1_0.area,s1_0.close_time,s1_0.contact_email,s1_0.created_at,s1_0.description,s1_0.design_signature,s1_0.franchise_mood,s1_0.highlight_summary,s1_0.hours_text,s1_0.latitude,s1_0.longitude,s1_0.name,s1_0.open_time,s1_0.personality,s1_0.phone_number,s1_0.position_label,s1_0.slug,s1_0.specialty,s1_0.updated_at,c1_0.updated_at from categories c1_0 left join stores s1_0 on s1_0.id=c1_0.store_id where c1_0.id=?
Hibernate: select c1_0.id,c1_0.active,c1_0.created_at,c1_0.description,c1_0.name,c1_0.sort_order,s1_0.id,s1_0.active,s1_0.address,s1_0.area,s1_0.close_time,s1_0.contact_email,s1_0.created_at,s1_0.description,s1_0.design_signature,s1_0.franchise_mood,s1_0.highlight_summary,s1_0.hours_text,s1_0.latitude,s1_0.longitude,s1_0.name,s1_0.open_time,s1_0.personality,s1_0.phone_number,s1_0.position_label,s1_0.slug,s1_0.specialty,s1_0.updated_at,c1_0.updated_at from categories c1_0 left join stores s1_0 on s1_0.id=c1_0.store_id where c1_0.id=?
Hibernate: select c1_0.id,c1_0.active,c1_0.created_at,c1_0.description,c1_0.name,c1_0.sort_order,s1_0.id,s1_0.active,s1_0.address,s1_0.area,s1_0.close_time,s1_0.contact_email,s1_0.created_at,s1_0.description,s1_0.design_signature,s1_0.franchise_mood,s1_0.highlight_summary,s1_0.hours_text,s1_0.latitude,s1_0.longitude,s1_0.name,s1_0.open_time,s1_0.personality,s1_0.phone_number,s1_0.position_label,s1_0.slug,s1_0.specialty,s1_0.updated_at,c1_0.updated_at from categories c1_0 left join stores s1_0 on s1_0.id=c1_0.store_id where c1_0.id=?
Hibernate: select c1_0.id,c1_0.active,c1_0.created_at,c1_0.description,c1_0.name,c1_0.sort_order,s1_0.id,s1_0.active,s1_0.address,s1_0.area,s1_0.close_time,s1_0.contact_email,s1_0.created_at,s1_0.description,s1_0.design_signature,s1_0.franchise_mood,s1_0.highlight_summary,s1_0.hours_text,s1_0.latitude,s1_0.longitude,s1_0.name,s1_0.open_time,s1_0.personality,s1_0.phone_number,s1_0.position_label,s1_0.slug,s1_0.specialty,s1_0.updated_at,c1_0.updated_at from categories c1_0 left join stores s1_0 on s1_0.id=c1_0.store_id where c1_0.id=?
Hibernate: select c1_0.id,c1_0.active,c1_0.created_at,c1_0.description,c1_0.name,c1_0.sort_order,s1_0.id,s1_0.active,s1_0.address,s1_0.area,s1_0.close_time,s1_0.contact_email,s1_0.created_at,s1_0.description,s1_0.design_signature,s1_0.franchise_mood,s1_0.highlight_summary,s1_0.hours_text,s1_0.latitude,s1_0.longitude,s1_0.name,s1_0.open_time,s1_0.personality,s1_0.phone_number,s1_0.position_label,s1_0.slug,s1_0.specialty,s1_0.updated_at,c1_0.updated_at from categories c1_0 left join stores s1_0 on s1_0.id=c1_0.store_id where c1_0.id=?
Hibernate: select c1_0.id,c1_0.active,c1_0.created_at,c1_0.description,c1_0.name,c1_0.sort_order,s1_0.id,s1_0.active,s1_0.address,s1_0.area,s1_0.close_time,s1_0.contact_email,s1_0.created_at,s1_0.description,s1_0.design_signature,s1_0.franchise_mood,s1_0.highlight_summary,s1_0.hours_text,s1_0.latitude,s1_0.longitude,s1_0.name,s1_0.open_time,s1_0.personality,s1_0.phone_number,s1_0.position_label,s1_0.slug,s1_0.specialty,s1_0.updated_at,c1_0.updated_at from categories c1_0 left join stores s1_0 on s1_0.id=c1_0.store_id where c1_0.id=?
Hibernate: select c1_0.id,c1_0.active,c1_0.created_at,c1_0.description,c1_0.name,c1_0.sort_order,s1_0.id,s1_0.active,s1_0.address,s1_0.area,s1_0.close_time,s1_0.contact_email,s1_0.created_at,s1_0.description,s1_0.design_signature,s1_0.franchise_mood,s1_0.highlight_summary,s1_0.hours_text,s1_0.latitude,s1_0.longitude,s1_0.name,s1_0.open_time,s1_0.personality,s1_0.phone_number,s1_0.position_label,s1_0.slug,s1_0.specialty,s1_0.updated_at,c1_0.updated_at from categories c1_0 left join stores s1_0 on s1_0.id=c1_0.store_id where c1_0.id=?
Hibernate: select p1_0.id,p1_0.active,p1_0.code,p1_0.created_at,p1_0.description,p1_0.discount_type,p1_0.discount_value,p1_0.ends_at,p1_0.max_discount_amount,p1_0.min_cross_store_bill_amount,p1_0.min_order_amount,p1_0.min_store_bill_amount,p1_0.name,p1_0.scope,p1_0.starts_at,p1_0.updated_at,p1_0.usage_limit,p1_0.used_count from promotions p1_0 where upper(p1_0.code)=upper(?)
Hibernate: update promotions set active=?,code=?,description=?,discount_type=?,discount_value=?,ends_at=?,max_discount_amount=?,min_cross_store_bill_amount=?,min_order_amount=?,min_store_bill_amount=?,name=?,scope=?,starts_at=?,updated_at=?,usage_limit=?,used_count=? where id=?
Hibernate: delete from promotion_applicable_dishes where promotion_id=?
Hibernate: delete from promotion_eligible_stores where promotion_id=?
Hibernate: delete from promotion_eligible_user_levels where promotion_id=?
Hibernate: insert into promotion_eligible_stores (promotion_id,sort_order,store_id) values (?,?,?)
Hibernate: select p1_0.id,p1_0.active,p1_0.code,p1_0.created_at,p1_0.description,p1_0.discount_type,p1_0.discount_value,p1_0.ends_at,p1_0.max_discount_amount,p1_0.min_cross_store_bill_amount,p1_0.min_order_amount,p1_0.min_store_bill_amount,p1_0.name,p1_0.scope,p1_0.starts_at,p1_0.updated_at,p1_0.usage_limit,p1_0.used_count from promotions p1_0 where upper(p1_0.code)=upper(?)
Hibernate: update promotions set active=?,code=?,description=?,discount_type=?,discount_value=?,ends_at=?,max_discount_amount=?,min_cross_store_bill_amount=?,min_order_amount=?,min_store_bill_amount=?,name=?,scope=?,starts_at=?,updated_at=?,usage_limit=?,used_count=? where id=?
Hibernate: delete from promotion_applicable_dishes where promotion_id=?
Hibernate: delete from promotion_eligible_stores where promotion_id=?
Hibernate: delete from promotion_eligible_user_levels where promotion_id=?
Hibernate: insert into promotion_applicable_dishes (promotion_id,sort_order,dish_id) values (?,?,?)
Hibernate: insert into promotion_eligible_stores (promotion_id,sort_order,store_id) values (?,?,?)
Hibernate: select p1_0.id,p1_0.active,p1_0.code,p1_0.created_at,p1_0.description,p1_0.discount_type,p1_0.discount_value,p1_0.ends_at,p1_0.max_discount_amount,p1_0.min_cross_store_bill_amount,p1_0.min_order_amount,p1_0.min_store_bill_amount,p1_0.name,p1_0.scope,p1_0.starts_at,p1_0.updated_at,p1_0.usage_limit,p1_0.used_count from promotions p1_0 where upper(p1_0.code)=upper(?)
Hibernate: update promotions set active=?,code=?,description=?,discount_type=?,discount_value=?,ends_at=?,max_discount_amount=?,min_cross_store_bill_amount=?,min_order_amount=?,min_store_bill_amount=?,name=?,scope=?,starts_at=?,updated_at=?,usage_limit=?,used_count=? where id=?
Hibernate: delete from promotion_applicable_dishes where promotion_id=?
Hibernate: delete from promotion_eligible_stores where promotion_id=?
Hibernate: delete from promotion_eligible_user_levels where promotion_id=?
Hibernate: insert into promotion_eligible_stores (promotion_id,sort_order,store_id) values (?,?,?)
Hibernate: insert into promotion_eligible_stores (promotion_id,sort_order,store_id) values (?,?,?)
Hibernate: select p1_0.id,p1_0.active,p1_0.code,p1_0.created_at,p1_0.description,p1_0.discount_type,p1_0.discount_value,p1_0.ends_at,p1_0.max_discount_amount,p1_0.min_cross_store_bill_amount,p1_0.min_order_amount,p1_0.min_store_bill_amount,p1_0.name,p1_0.scope,p1_0.starts_at,p1_0.updated_at,p1_0.usage_limit,p1_0.used_count from promotions p1_0 where upper(p1_0.code)=upper(?)
Hibernate: update promotions set active=?,code=?,description=?,discount_type=?,discount_value=?,ends_at=?,max_discount_amount=?,min_cross_store_bill_amount=?,min_order_amount=?,min_store_bill_amount=?,name=?,scope=?,starts_at=?,updated_at=?,usage_limit=?,used_count=? where id=?
Hibernate: delete from promotion_applicable_dishes where promotion_id=?
Hibernate: delete from promotion_eligible_stores where promotion_id=?
Hibernate: delete from promotion_eligible_user_levels where promotion_id=?
Hibernate: insert into promotion_applicable_dishes (promotion_id,sort_order,dish_id) values (?,?,?)
Hibernate: insert into promotion_applicable_dishes (promotion_id,sort_order,dish_id) values (?,?,?)
Hibernate: insert into promotion_eligible_stores (promotion_id,sort_order,store_id) values (?,?,?)
Hibernate: select p1_0.id,p1_0.active,p1_0.code,p1_0.created_at,p1_0.description,p1_0.discount_type,p1_0.discount_value,p1_0.ends_at,p1_0.max_discount_amount,p1_0.min_cross_store_bill_amount,p1_0.min_order_amount,p1_0.min_store_bill_amount,p1_0.name,p1_0.scope,p1_0.starts_at,p1_0.updated_at,p1_0.usage_limit,p1_0.used_count from promotions p1_0 where upper(p1_0.code)=upper(?)
Hibernate: update promotions set active=?,code=?,description=?,discount_type=?,discount_value=?,ends_at=?,max_discount_amount=?,min_cross_store_bill_amount=?,min_order_amount=?,min_store_bill_amount=?,name=?,scope=?,starts_at=?,updated_at=?,usage_limit=?,used_count=? where id=?
Hibernate: delete from promotion_applicable_dishes where promotion_id=?
Hibernate: delete from promotion_eligible_stores where promotion_id=?
Hibernate: delete from promotion_eligible_user_levels where promotion_id=?
Hibernate: insert into promotion_eligible_stores (promotion_id,sort_order,store_id) values (?,?,?)
Hibernate: select s1_0.id,s1_0.active,s1_0.address,s1_0.area,s1_0.close_time,s1_0.contact_email,s1_0.created_at,s1_0.description,s1_0.design_signature,s1_0.franchise_mood,s1_0.highlight_summary,s1_0.hours_text,s1_0.latitude,s1_0.longitude,s1_0.name,s1_0.open_time,s1_0.personality,s1_0.phone_number,s1_0.position_label,s1_0.slug,s1_0.specialty,s1_0.updated_at from stores s1_0
Hibernate: select d1_0.id,d1_0.active,d1_0.available,d1_0.category_id,d1_0.created_at,d1_0.description,d1_0.franchise_note,d1_0.franchise_required,d1_0.highlight_summary,d1_0.name,d1_0.note,d1_0.price,d1_0.status,d1_0.updated_at from dishes d1_0
Hibernate: select c1_0.id,c1_0.active,c1_0.created_at,c1_0.description,c1_0.name,c1_0.sort_order,s1_0.id,s1_0.active,s1_0.address,s1_0.area,s1_0.close_time,s1_0.contact_email,s1_0.created_at,s1_0.description,s1_0.design_signature,s1_0.franchise_mood,s1_0.highlight_summary,s1_0.hours_text,s1_0.latitude,s1_0.longitude,s1_0.name,s1_0.open_time,s1_0.personality,s1_0.phone_number,s1_0.position_label,s1_0.slug,s1_0.specialty,s1_0.updated_at,c1_0.updated_at from categories c1_0 left join stores s1_0 on s1_0.id=c1_0.store_id where c1_0.id=?
Hibernate: select c1_0.id,c1_0.active,c1_0.created_at,c1_0.description,c1_0.name,c1_0.sort_order,s1_0.id,s1_0.active,s1_0.address,s1_0.area,s1_0.close_time,s1_0.contact_email,s1_0.created_at,s1_0.description,s1_0.design_signature,s1_0.franchise_mood,s1_0.highlight_summary,s1_0.hours_text,s1_0.latitude,s1_0.longitude,s1_0.name,s1_0.open_time,s1_0.personality,s1_0.phone_number,s1_0.position_label,s1_0.slug,s1_0.specialty,s1_0.updated_at,c1_0.updated_at from categories c1_0 left join stores s1_0 on s1_0.id=c1_0.store_id where c1_0.id=?
Hibernate: select c1_0.id,c1_0.active,c1_0.created_at,c1_0.description,c1_0.name,c1_0.sort_order,s1_0.id,s1_0.active,s1_0.address,s1_0.area,s1_0.close_time,s1_0.contact_email,s1_0.created_at,s1_0.description,s1_0.design_signature,s1_0.franchise_mood,s1_0.highlight_summary,s1_0.hours_text,s1_0.latitude,s1_0.longitude,s1_0.name,s1_0.open_time,s1_0.personality,s1_0.phone_number,s1_0.position_label,s1_0.slug,s1_0.specialty,s1_0.updated_at,c1_0.updated_at from categories c1_0 left join stores s1_0 on s1_0.id=c1_0.store_id where c1_0.id=?
Hibernate: select c1_0.id,c1_0.active,c1_0.created_at,c1_0.description,c1_0.name,c1_0.sort_order,s1_0.id,s1_0.active,s1_0.address,s1_0.area,s1_0.close_time,s1_0.contact_email,s1_0.created_at,s1_0.description,s1_0.design_signature,s1_0.franchise_mood,s1_0.highlight_summary,s1_0.hours_text,s1_0.latitude,s1_0.longitude,s1_0.name,s1_0.open_time,s1_0.personality,s1_0.phone_number,s1_0.position_label,s1_0.slug,s1_0.specialty,s1_0.updated_at,c1_0.updated_at from categories c1_0 left join stores s1_0 on s1_0.id=c1_0.store_id where c1_0.id=?
Hibernate: select c1_0.id,c1_0.active,c1_0.created_at,c1_0.description,c1_0.name,c1_0.sort_order,s1_0.id,s1_0.active,s1_0.address,s1_0.area,s1_0.close_time,s1_0.contact_email,s1_0.created_at,s1_0.description,s1_0.design_signature,s1_0.franchise_mood,s1_0.highlight_summary,s1_0.hours_text,s1_0.latitude,s1_0.longitude,s1_0.name,s1_0.open_time,s1_0.personality,s1_0.phone_number,s1_0.position_label,s1_0.slug,s1_0.specialty,s1_0.updated_at,c1_0.updated_at from categories c1_0 left join stores s1_0 on s1_0.id=c1_0.store_id where c1_0.id=?
Hibernate: select c1_0.id,c1_0.active,c1_0.created_at,c1_0.description,c1_0.name,c1_0.sort_order,s1_0.id,s1_0.active,s1_0.address,s1_0.area,s1_0.close_time,s1_0.contact_email,s1_0.created_at,s1_0.description,s1_0.design_signature,s1_0.franchise_mood,s1_0.highlight_summary,s1_0.hours_text,s1_0.latitude,s1_0.longitude,s1_0.name,s1_0.open_time,s1_0.personality,s1_0.phone_number,s1_0.position_label,s1_0.slug,s1_0.specialty,s1_0.updated_at,c1_0.updated_at from categories c1_0 left join stores s1_0 on s1_0.id=c1_0.store_id where c1_0.id=?
Hibernate: select c1_0.id,c1_0.active,c1_0.created_at,c1_0.description,c1_0.name,c1_0.sort_order,s1_0.id,s1_0.active,s1_0.address,s1_0.area,s1_0.close_time,s1_0.contact_email,s1_0.created_at,s1_0.description,s1_0.design_signature,s1_0.franchise_mood,s1_0.highlight_summary,s1_0.hours_text,s1_0.latitude,s1_0.longitude,s1_0.name,s1_0.open_time,s1_0.personality,s1_0.phone_number,s1_0.position_label,s1_0.slug,s1_0.specialty,s1_0.updated_at,c1_0.updated_at from categories c1_0 left join stores s1_0 on s1_0.id=c1_0.store_id where c1_0.id=?
Hibernate: select c1_0.id,c1_0.active,c1_0.created_at,c1_0.description,c1_0.name,c1_0.sort_order,s1_0.id,s1_0.active,s1_0.address,s1_0.area,s1_0.close_time,s1_0.contact_email,s1_0.created_at,s1_0.description,s1_0.design_signature,s1_0.franchise_mood,s1_0.highlight_summary,s1_0.hours_text,s1_0.latitude,s1_0.longitude,s1_0.name,s1_0.open_time,s1_0.personality,s1_0.phone_number,s1_0.position_label,s1_0.slug,s1_0.specialty,s1_0.updated_at,c1_0.updated_at from categories c1_0 left join stores s1_0 on s1_0.id=c1_0.store_id where c1_0.id=?
Hibernate: select c1_0.id,c1_0.active,c1_0.created_at,c1_0.description,c1_0.name,c1_0.sort_order,s1_0.id,s1_0.active,s1_0.address,s1_0.area,s1_0.close_time,s1_0.contact_email,s1_0.created_at,s1_0.description,s1_0.design_signature,s1_0.franchise_mood,s1_0.highlight_summary,s1_0.hours_text,s1_0.latitude,s1_0.longitude,s1_0.name,s1_0.open_time,s1_0.personality,s1_0.phone_number,s1_0.position_label,s1_0.slug,s1_0.specialty,s1_0.updated_at,c1_0.updated_at from categories c1_0 left join stores s1_0 on s1_0.id=c1_0.store_id where c1_0.id=?
Hibernate: select c1_0.id,c1_0.active,c1_0.created_at,c1_0.description,c1_0.name,c1_0.sort_order,s1_0.id,s1_0.active,s1_0.address,s1_0.area,s1_0.close_time,s1_0.contact_email,s1_0.created_at,s1_0.description,s1_0.design_signature,s1_0.franchise_mood,s1_0.highlight_summary,s1_0.hours_text,s1_0.latitude,s1_0.longitude,s1_0.name,s1_0.open_time,s1_0.personality,s1_0.phone_number,s1_0.position_label,s1_0.slug,s1_0.specialty,s1_0.updated_at,c1_0.updated_at from categories c1_0 left join stores s1_0 on s1_0.id=c1_0.store_id where c1_0.id=?
Hibernate: select ei1_0.id,ei1_0.active,ei1_0.booked_count,ei1_0.capacity,ei1_0.created_at,ei1_0.description,ei1_0.ends_at,ei1_0.highlight_summary,ei1_0.location,ei1_0.name,ei1_0.schedule_text,ei1_0.slug,ei1_0.starts_at,ei1_0.store_id,ei1_0.updated_at from events ei1_0
Hibernate: select ip1_0.event_id,ip1_0.sort_order,ip1_0.image_path from event_image_paths ip1_0 where ip1_0.event_id=?
Hibernate: select ip1_0.event_id,ip1_0.sort_order,ip1_0.image_path from event_image_paths ip1_0 where ip1_0.event_id=?
Hibernate: select ip1_0.event_id,ip1_0.sort_order,ip1_0.image_path from event_image_paths ip1_0 where ip1_0.event_id=?
Hibernate: select ip1_0.event_id,ip1_0.sort_order,ip1_0.image_path from event_image_paths ip1_0 where ip1_0.event_id=?
Hibernate: select ip1_0.event_id,ip1_0.sort_order,ip1_0.image_path from event_image_paths ip1_0 where ip1_0.event_id=?
Hibernate: select ip1_0.event_id,ip1_0.sort_order,ip1_0.image_path from event_image_paths ip1_0 where ip1_0.event_id=?
Hibernate: select ip1_0.event_id,ip1_0.sort_order,ip1_0.image_path from event_image_paths ip1_0 where ip1_0.event_id=?
Hibernate: select ip1_0.event_id,ip1_0.sort_order,ip1_0.image_path from event_image_paths ip1_0 where ip1_0.event_id=?
Hibernate: update events set active=?,booked_count=?,capacity=?,description=?,ends_at=?,highlight_summary=?,location=?,name=?,schedule_text=?,slug=?,starts_at=?,store_id=?,updated_at=? where id=?
Hibernate: update events set active=?,booked_count=?,capacity=?,description=?,ends_at=?,highlight_summary=?,location=?,name=?,schedule_text=?,slug=?,starts_at=?,store_id=?,updated_at=? where id=?
Hibernate: update events set active=?,booked_count=?,capacity=?,description=?,ends_at=?,highlight_summary=?,location=?,name=?,schedule_text=?,slug=?,starts_at=?,store_id=?,updated_at=? where id=?
Hibernate: update events set active=?,booked_count=?,capacity=?,description=?,ends_at=?,highlight_summary=?,location=?,name=?,schedule_text=?,slug=?,starts_at=?,store_id=?,updated_at=? where id=?
Hibernate: update events set active=?,booked_count=?,capacity=?,description=?,ends_at=?,highlight_summary=?,location=?,name=?,schedule_text=?,slug=?,starts_at=?,store_id=?,updated_at=? where id=?
Hibernate: update events set active=?,booked_count=?,capacity=?,description=?,ends_at=?,highlight_summary=?,location=?,name=?,schedule_text=?,slug=?,starts_at=?,store_id=?,updated_at=? where id=?
Hibernate: update events set active=?,booked_count=?,capacity=?,description=?,ends_at=?,highlight_summary=?,location=?,name=?,schedule_text=?,slug=?,starts_at=?,store_id=?,updated_at=? where id=?
Hibernate: update events set active=?,booked_count=?,capacity=?,description=?,ends_at=?,highlight_summary=?,location=?,name=?,schedule_text=?,slug=?,starts_at=?,store_id=?,updated_at=? where id=?
Hibernate: delete from event_featured_dish_ids where event_id=?
Hibernate: delete from event_highlight_tags where event_id=?
Hibernate: delete from event_featured_dish_ids where event_id=?
Hibernate: delete from event_highlight_tags where event_id=?
Hibernate: delete from event_featured_dish_ids where event_id=?
Hibernate: delete from event_highlight_tags where event_id=?
Hibernate: delete from event_featured_dish_ids where event_id=?
Hibernate: delete from event_highlight_tags where event_id=?
Hibernate: delete from event_featured_dish_ids where event_id=?
Hibernate: delete from event_highlight_tags where event_id=?
Hibernate: delete from event_featured_dish_ids where event_id=?
Hibernate: delete from event_highlight_tags where event_id=?
Hibernate: delete from event_featured_dish_ids where event_id=?
Hibernate: delete from event_highlight_tags where event_id=?
Hibernate: delete from event_featured_dish_ids where event_id=?
Hibernate: delete from event_highlight_tags where event_id=?
Hibernate: insert into event_featured_dish_ids (event_id,sort_order,dish_id) values (?,?,?)
Hibernate: insert into event_highlight_tags (event_id,sort_order,highlight_tag) values (?,?,?)
Hibernate: insert into event_highlight_tags (event_id,sort_order,highlight_tag) values (?,?,?)
Hibernate: insert into event_highlight_tags (event_id,sort_order,highlight_tag) values (?,?,?)
Hibernate: insert into event_featured_dish_ids (event_id,sort_order,dish_id) values (?,?,?)
Hibernate: insert into event_highlight_tags (event_id,sort_order,highlight_tag) values (?,?,?)
Hibernate: insert into event_highlight_tags (event_id,sort_order,highlight_tag) values (?,?,?)
Hibernate: insert into event_highlight_tags (event_id,sort_order,highlight_tag) values (?,?,?)
Hibernate: insert into event_featured_dish_ids (event_id,sort_order,dish_id) values (?,?,?)
Hibernate: insert into event_highlight_tags (event_id,sort_order,highlight_tag) values (?,?,?)
Hibernate: insert into event_highlight_tags (event_id,sort_order,highlight_tag) values (?,?,?)
Hibernate: insert into event_highlight_tags (event_id,sort_order,highlight_tag) values (?,?,?)
Hibernate: insert into event_featured_dish_ids (event_id,sort_order,dish_id) values (?,?,?)
Hibernate: insert into event_highlight_tags (event_id,sort_order,highlight_tag) values (?,?,?)
Hibernate: insert into event_highlight_tags (event_id,sort_order,highlight_tag) values (?,?,?)
Hibernate: insert into event_highlight_tags (event_id,sort_order,highlight_tag) values (?,?,?)
Hibernate: insert into event_featured_dish_ids (event_id,sort_order,dish_id) values (?,?,?)
Hibernate: insert into event_highlight_tags (event_id,sort_order,highlight_tag) values (?,?,?)
Hibernate: insert into event_highlight_tags (event_id,sort_order,highlight_tag) values (?,?,?)
Hibernate: insert into event_highlight_tags (event_id,sort_order,highlight_tag) values (?,?,?)
Hibernate: insert into event_featured_dish_ids (event_id,sort_order,dish_id) values (?,?,?)
Hibernate: insert into event_highlight_tags (event_id,sort_order,highlight_tag) values (?,?,?)
Hibernate: insert into event_highlight_tags (event_id,sort_order,highlight_tag) values (?,?,?)
Hibernate: insert into event_highlight_tags (event_id,sort_order,highlight_tag) values (?,?,?)
Hibernate: insert into event_featured_dish_ids (event_id,sort_order,dish_id) values (?,?,?)
Hibernate: insert into event_highlight_tags (event_id,sort_order,highlight_tag) values (?,?,?)
Hibernate: insert into event_highlight_tags (event_id,sort_order,highlight_tag) values (?,?,?)
Hibernate: insert into event_highlight_tags (event_id,sort_order,highlight_tag) values (?,?,?)
Hibernate: insert into event_featured_dish_ids (event_id,sort_order,dish_id) values (?,?,?)
Hibernate: insert into event_highlight_tags (event_id,sort_order,highlight_tag) values (?,?,?)
Hibernate: insert into event_highlight_tags (event_id,sort_order,highlight_tag) values (?,?,?)
Hibernate: insert into event_highlight_tags (event_id,sort_order,highlight_tag) values (?,?,?)
Hibernate: select s1_0.id,s1_0.active,s1_0.address,s1_0.area,s1_0.close_time,s1_0.contact_email,s1_0.created_at,s1_0.description,s1_0.design_signature,s1_0.franchise_mood,s1_0.highlight_summary,s1_0.hours_text,s1_0.latitude,s1_0.longitude,s1_0.name,s1_0.open_time,s1_0.personality,s1_0.phone_number,s1_0.position_label,s1_0.slug,s1_0.specialty,s1_0.updated_at from stores s1_0
Hibernate: select c1_0.id,c1_0.active,c1_0.created_at,c1_0.description,c1_0.name,c1_0.sort_order,c1_0.store_id,c1_0.updated_at from categories c1_0
Hibernate: select d1_0.id,d1_0.active,d1_0.available,d1_0.category_id,d1_0.created_at,d1_0.description,d1_0.franchise_note,d1_0.franchise_required,d1_0.highlight_summary,d1_0.name,d1_0.note,d1_0.price,d1_0.status,d1_0.updated_at from dishes d1_0
Hibernate: select ip1_0.dish_id,ip1_0.sort_order,ip1_0.image_path from dish_image_paths ip1_0 where ip1_0.dish_id=?
Hibernate: update dishes set active=?,available=?,category_id=?,description=?,franchise_note=?,franchise_required=?,highlight_summary=?,name=?,note=?,price=?,status=?,updated_at=? where id=?
Hibernate: delete from dish_highlight_tags where dish_id=?
Hibernate: insert into dish_highlight_tags (dish_id,sort_order,highlight_tag) values (?,?,?)
Hibernate: insert into dish_highlight_tags (dish_id,sort_order,highlight_tag) values (?,?,?)
Hibernate: insert into dish_highlight_tags (dish_id,sort_order,highlight_tag) values (?,?,?)
Hibernate: select sd1_0.id,sd1_0.available,sd1_0.created_at,sd1_0.dish_id,sd1_0.price_override,sd1_0.quantity,sd1_0.store_id,sd1_0.updated_at from store_dishes sd1_0 join stores s1_0 on s1_0.id=sd1_0.store_id join dishes d1_0 on d1_0.id=sd1_0.dish_id where s1_0.id=? and d1_0.id=?
Hibernate: select sd1_0.id,sd1_0.available,sd1_0.created_at,sd1_0.dish_id,sd1_0.price_override,sd1_0.quantity,sd1_0.store_id,sd1_0.updated_at from store_dishes sd1_0 join stores s1_0 on s1_0.id=sd1_0.store_id join dishes d1_0 on d1_0.id=sd1_0.dish_id where s1_0.id=? and d1_0.id=?
Hibernate: select sd1_0.id,sd1_0.available,sd1_0.created_at,sd1_0.dish_id,sd1_0.price_override,sd1_0.quantity,sd1_0.store_id,sd1_0.updated_at from store_dishes sd1_0 join stores s1_0 on s1_0.id=sd1_0.store_id join dishes d1_0 on d1_0.id=sd1_0.dish_id where s1_0.id=? and d1_0.id=?
Hibernate: select ip1_0.dish_id,ip1_0.sort_order,ip1_0.image_path from dish_image_paths ip1_0 where ip1_0.dish_id=?
Hibernate: update dishes set active=?,available=?,category_id=?,description=?,franchise_note=?,franchise_required=?,highlight_summary=?,name=?,note=?,price=?,status=?,updated_at=? where id=?
Hibernate: delete from dish_highlight_tags where dish_id=?
Hibernate: insert into dish_highlight_tags (dish_id,sort_order,highlight_tag) values (?,?,?)
Hibernate: insert into dish_highlight_tags (dish_id,sort_order,highlight_tag) values (?,?,?)
Hibernate: insert into dish_highlight_tags (dish_id,sort_order,highlight_tag) values (?,?,?)
Hibernate: select sd1_0.id,sd1_0.available,sd1_0.created_at,sd1_0.dish_id,sd1_0.price_override,sd1_0.quantity,sd1_0.store_id,sd1_0.updated_at from store_dishes sd1_0 join stores s1_0 on s1_0.id=sd1_0.store_id join dishes d1_0 on d1_0.id=sd1_0.dish_id where s1_0.id=? and d1_0.id=?
Hibernate: select sd1_0.id,sd1_0.available,sd1_0.created_at,sd1_0.dish_id,sd1_0.price_override,sd1_0.quantity,sd1_0.store_id,sd1_0.updated_at from store_dishes sd1_0 join stores s1_0 on s1_0.id=sd1_0.store_id join dishes d1_0 on d1_0.id=sd1_0.dish_id where s1_0.id=? and d1_0.id=?
Hibernate: select sd1_0.id,sd1_0.available,sd1_0.created_at,sd1_0.dish_id,sd1_0.price_override,sd1_0.quantity,sd1_0.store_id,sd1_0.updated_at from store_dishes sd1_0 join stores s1_0 on s1_0.id=sd1_0.store_id join dishes d1_0 on d1_0.id=sd1_0.dish_id where s1_0.id=? and d1_0.id=?
Hibernate: select ip1_0.dish_id,ip1_0.sort_order,ip1_0.image_path from dish_image_paths ip1_0 where ip1_0.dish_id=?
Hibernate: update dishes set active=?,available=?,category_id=?,description=?,franchise_note=?,franchise_required=?,highlight_summary=?,name=?,note=?,price=?,status=?,updated_at=? where id=?
Hibernate: delete from dish_highlight_tags where dish_id=?
Hibernate: insert into dish_highlight_tags (dish_id,sort_order,highlight_tag) values (?,?,?)
Hibernate: insert into dish_highlight_tags (dish_id,sort_order,highlight_tag) values (?,?,?)
Hibernate: insert into dish_highlight_tags (dish_id,sort_order,highlight_tag) values (?,?,?)
Hibernate: select sd1_0.id,sd1_0.available,sd1_0.created_at,sd1_0.dish_id,sd1_0.price_override,sd1_0.quantity,sd1_0.store_id,sd1_0.updated_at from store_dishes sd1_0 join stores s1_0 on s1_0.id=sd1_0.store_id join dishes d1_0 on d1_0.id=sd1_0.dish_id where s1_0.id=? and d1_0.id=?
Hibernate: select sd1_0.id,sd1_0.available,sd1_0.created_at,sd1_0.dish_id,sd1_0.price_override,sd1_0.quantity,sd1_0.store_id,sd1_0.updated_at from store_dishes sd1_0 join stores s1_0 on s1_0.id=sd1_0.store_id join dishes d1_0 on d1_0.id=sd1_0.dish_id where s1_0.id=? and d1_0.id=?
Hibernate: select sd1_0.id,sd1_0.available,sd1_0.created_at,sd1_0.dish_id,sd1_0.price_override,sd1_0.quantity,sd1_0.store_id,sd1_0.updated_at from store_dishes sd1_0 join stores s1_0 on s1_0.id=sd1_0.store_id join dishes d1_0 on d1_0.id=sd1_0.dish_id where s1_0.id=? and d1_0.id=?
Hibernate: select ip1_0.dish_id,ip1_0.sort_order,ip1_0.image_path from dish_image_paths ip1_0 where ip1_0.dish_id=?
Hibernate: update dishes set active=?,available=?,category_id=?,description=?,franchise_note=?,franchise_required=?,highlight_summary=?,name=?,note=?,price=?,status=?,updated_at=? where id=?
Hibernate: delete from dish_highlight_tags where dish_id=?
Hibernate: insert into dish_highlight_tags (dish_id,sort_order,highlight_tag) values (?,?,?)
Hibernate: insert into dish_highlight_tags (dish_id,sort_order,highlight_tag) values (?,?,?)
Hibernate: insert into dish_highlight_tags (dish_id,sort_order,highlight_tag) values (?,?,?)
Hibernate: select sd1_0.id,sd1_0.available,sd1_0.created_at,sd1_0.dish_id,sd1_0.price_override,sd1_0.quantity,sd1_0.store_id,sd1_0.updated_at from store_dishes sd1_0 join stores s1_0 on s1_0.id=sd1_0.store_id join dishes d1_0 on d1_0.id=sd1_0.dish_id where s1_0.id=? and d1_0.id=?
Hibernate: select sd1_0.id,sd1_0.available,sd1_0.created_at,sd1_0.dish_id,sd1_0.price_override,sd1_0.quantity,sd1_0.store_id,sd1_0.updated_at from store_dishes sd1_0 join stores s1_0 on s1_0.id=sd1_0.store_id join dishes d1_0 on d1_0.id=sd1_0.dish_id where s1_0.id=? and d1_0.id=?
Hibernate: select sd1_0.id,sd1_0.available,sd1_0.created_at,sd1_0.dish_id,sd1_0.price_override,sd1_0.quantity,sd1_0.store_id,sd1_0.updated_at from store_dishes sd1_0 join stores s1_0 on s1_0.id=sd1_0.store_id join dishes d1_0 on d1_0.id=sd1_0.dish_id where s1_0.id=? and d1_0.id=?
Hibernate: select ip1_0.dish_id,ip1_0.sort_order,ip1_0.image_path from dish_image_paths ip1_0 where ip1_0.dish_id=?
Hibernate: update dishes set active=?,available=?,category_id=?,description=?,franchise_note=?,franchise_required=?,highlight_summary=?,name=?,note=?,price=?,status=?,updated_at=? where id=?
Hibernate: delete from dish_highlight_tags where dish_id=?
Hibernate: insert into dish_highlight_tags (dish_id,sort_order,highlight_tag) values (?,?,?)
Hibernate: insert into dish_highlight_tags (dish_id,sort_order,highlight_tag) values (?,?,?)
Hibernate: insert into dish_highlight_tags (dish_id,sort_order,highlight_tag) values (?,?,?)
Hibernate: select sd1_0.id,sd1_0.available,sd1_0.created_at,sd1_0.dish_id,sd1_0.price_override,sd1_0.quantity,sd1_0.store_id,sd1_0.updated_at from store_dishes sd1_0 join stores s1_0 on s1_0.id=sd1_0.store_id join dishes d1_0 on d1_0.id=sd1_0.dish_id where s1_0.id=? and d1_0.id=?
Hibernate: select sd1_0.id,sd1_0.available,sd1_0.created_at,sd1_0.dish_id,sd1_0.price_override,sd1_0.quantity,sd1_0.store_id,sd1_0.updated_at from store_dishes sd1_0 join stores s1_0 on s1_0.id=sd1_0.store_id join dishes d1_0 on d1_0.id=sd1_0.dish_id where s1_0.id=? and d1_0.id=?
Hibernate: select sd1_0.id,sd1_0.available,sd1_0.created_at,sd1_0.dish_id,sd1_0.price_override,sd1_0.quantity,sd1_0.store_id,sd1_0.updated_at from store_dishes sd1_0 join stores s1_0 on s1_0.id=sd1_0.store_id join dishes d1_0 on d1_0.id=sd1_0.dish_id where s1_0.id=? and d1_0.id=?
Hibernate: select ip1_0.dish_id,ip1_0.sort_order,ip1_0.image_path from dish_image_paths ip1_0 where ip1_0.dish_id=?
Hibernate: update dishes set active=?,available=?,category_id=?,description=?,franchise_note=?,franchise_required=?,highlight_summary=?,name=?,note=?,price=?,status=?,updated_at=? where id=?
Hibernate: delete from dish_highlight_tags where dish_id=?
Hibernate: insert into dish_highlight_tags (dish_id,sort_order,highlight_tag) values (?,?,?)
Hibernate: insert into dish_highlight_tags (dish_id,sort_order,highlight_tag) values (?,?,?)
Hibernate: insert into dish_highlight_tags (dish_id,sort_order,highlight_tag) values (?,?,?)
Hibernate: select sd1_0.id,sd1_0.available,sd1_0.created_at,sd1_0.dish_id,sd1_0.price_override,sd1_0.quantity,sd1_0.store_id,sd1_0.updated_at from store_dishes sd1_0 join stores s1_0 on s1_0.id=sd1_0.store_id join dishes d1_0 on d1_0.id=sd1_0.dish_id where s1_0.id=? and d1_0.id=?
Hibernate: select sd1_0.id,sd1_0.available,sd1_0.created_at,sd1_0.dish_id,sd1_0.price_override,sd1_0.quantity,sd1_0.store_id,sd1_0.updated_at from store_dishes sd1_0 join stores s1_0 on s1_0.id=sd1_0.store_id join dishes d1_0 on d1_0.id=sd1_0.dish_id where s1_0.id=? and d1_0.id=?
Hibernate: select sd1_0.id,sd1_0.available,sd1_0.created_at,sd1_0.dish_id,sd1_0.price_override,sd1_0.quantity,sd1_0.store_id,sd1_0.updated_at from store_dishes sd1_0 join stores s1_0 on s1_0.id=sd1_0.store_id join dishes d1_0 on d1_0.id=sd1_0.dish_id where s1_0.id=? and d1_0.id=?
Hibernate: select ip1_0.dish_id,ip1_0.sort_order,ip1_0.image_path from dish_image_paths ip1_0 where ip1_0.dish_id=?
Hibernate: update dishes set active=?,available=?,category_id=?,description=?,franchise_note=?,franchise_required=?,highlight_summary=?,name=?,note=?,price=?,status=?,updated_at=? where id=?
Hibernate: delete from dish_highlight_tags where dish_id=?
Hibernate: insert into dish_highlight_tags (dish_id,sort_order,highlight_tag) values (?,?,?)
Hibernate: insert into dish_highlight_tags (dish_id,sort_order,highlight_tag) values (?,?,?)
Hibernate: insert into dish_highlight_tags (dish_id,sort_order,highlight_tag) values (?,?,?)
Hibernate: select sd1_0.id,sd1_0.available,sd1_0.created_at,sd1_0.dish_id,sd1_0.price_override,sd1_0.quantity,sd1_0.store_id,sd1_0.updated_at from store_dishes sd1_0 join stores s1_0 on s1_0.id=sd1_0.store_id join dishes d1_0 on d1_0.id=sd1_0.dish_id where s1_0.id=? and d1_0.id=?
Hibernate: select sd1_0.id,sd1_0.available,sd1_0.created_at,sd1_0.dish_id,sd1_0.price_override,sd1_0.quantity,sd1_0.store_id,sd1_0.updated_at from store_dishes sd1_0 join stores s1_0 on s1_0.id=sd1_0.store_id join dishes d1_0 on d1_0.id=sd1_0.dish_id where s1_0.id=? and d1_0.id=?
Hibernate: select sd1_0.id,sd1_0.available,sd1_0.created_at,sd1_0.dish_id,sd1_0.price_override,sd1_0.quantity,sd1_0.store_id,sd1_0.updated_at from store_dishes sd1_0 join stores s1_0 on s1_0.id=sd1_0.store_id join dishes d1_0 on d1_0.id=sd1_0.dish_id where s1_0.id=? and d1_0.id=?
Hibernate: select ip1_0.dish_id,ip1_0.sort_order,ip1_0.image_path from dish_image_paths ip1_0 where ip1_0.dish_id=?
Hibernate: update dishes set active=?,available=?,category_id=?,description=?,franchise_note=?,franchise_required=?,highlight_summary=?,name=?,note=?,price=?,status=?,updated_at=? where id=?
Hibernate: delete from dish_highlight_tags where dish_id=?
Hibernate: insert into dish_highlight_tags (dish_id,sort_order,highlight_tag) values (?,?,?)
Hibernate: insert into dish_highlight_tags (dish_id,sort_order,highlight_tag) values (?,?,?)
Hibernate: insert into dish_highlight_tags (dish_id,sort_order,highlight_tag) values (?,?,?)
Hibernate: select sd1_0.id,sd1_0.available,sd1_0.created_at,sd1_0.dish_id,sd1_0.price_override,sd1_0.quantity,sd1_0.store_id,sd1_0.updated_at from store_dishes sd1_0 join stores s1_0 on s1_0.id=sd1_0.store_id join dishes d1_0 on d1_0.id=sd1_0.dish_id where s1_0.id=? and d1_0.id=?
Hibernate: select sd1_0.id,sd1_0.available,sd1_0.created_at,sd1_0.dish_id,sd1_0.price_override,sd1_0.quantity,sd1_0.store_id,sd1_0.updated_at from store_dishes sd1_0 join stores s1_0 on s1_0.id=sd1_0.store_id join dishes d1_0 on d1_0.id=sd1_0.dish_id where s1_0.id=? and d1_0.id=?
Hibernate: select sd1_0.id,sd1_0.available,sd1_0.created_at,sd1_0.dish_id,sd1_0.price_override,sd1_0.quantity,sd1_0.store_id,sd1_0.updated_at from store_dishes sd1_0 join stores s1_0 on s1_0.id=sd1_0.store_id join dishes d1_0 on d1_0.id=sd1_0.dish_id where s1_0.id=? and d1_0.id=?
Hibernate: select ip1_0.dish_id,ip1_0.sort_order,ip1_0.image_path from dish_image_paths ip1_0 where ip1_0.dish_id=?
Hibernate: update dishes set active=?,available=?,category_id=?,description=?,franchise_note=?,franchise_required=?,highlight_summary=?,name=?,note=?,price=?,status=?,updated_at=? where id=?
Hibernate: delete from dish_highlight_tags where dish_id=?
Hibernate: insert into dish_highlight_tags (dish_id,sort_order,highlight_tag) values (?,?,?)
Hibernate: insert into dish_highlight_tags (dish_id,sort_order,highlight_tag) values (?,?,?)
Hibernate: insert into dish_highlight_tags (dish_id,sort_order,highlight_tag) values (?,?,?)
Hibernate: select sd1_0.id,sd1_0.available,sd1_0.created_at,sd1_0.dish_id,sd1_0.price_override,sd1_0.quantity,sd1_0.store_id,sd1_0.updated_at from store_dishes sd1_0 join stores s1_0 on s1_0.id=sd1_0.store_id join dishes d1_0 on d1_0.id=sd1_0.dish_id where s1_0.id=? and d1_0.id=?
Hibernate: select sd1_0.id,sd1_0.available,sd1_0.created_at,sd1_0.dish_id,sd1_0.price_override,sd1_0.quantity,sd1_0.store_id,sd1_0.updated_at from store_dishes sd1_0 join stores s1_0 on s1_0.id=sd1_0.store_id join dishes d1_0 on d1_0.id=sd1_0.dish_id where s1_0.id=? and d1_0.id=?
Hibernate: select sd1_0.id,sd1_0.available,sd1_0.created_at,sd1_0.dish_id,sd1_0.price_override,sd1_0.quantity,sd1_0.store_id,sd1_0.updated_at from store_dishes sd1_0 join stores s1_0 on s1_0.id=sd1_0.store_id join dishes d1_0 on d1_0.id=sd1_0.dish_id where s1_0.id=? and d1_0.id=?
Hibernate: select ip1_0.dish_id,ip1_0.sort_order,ip1_0.image_path from dish_image_paths ip1_0 where ip1_0.dish_id=?
Hibernate: update dishes set active=?,available=?,category_id=?,description=?,franchise_note=?,franchise_required=?,highlight_summary=?,name=?,note=?,price=?,status=?,updated_at=? where id=?
Hibernate: delete from dish_highlight_tags where dish_id=?
Hibernate: insert into dish_highlight_tags (dish_id,sort_order,highlight_tag) values (?,?,?)
Hibernate: insert into dish_highlight_tags (dish_id,sort_order,highlight_tag) values (?,?,?)
Hibernate: insert into dish_highlight_tags (dish_id,sort_order,highlight_tag) values (?,?,?)
Hibernate: select sd1_0.id,sd1_0.available,sd1_0.created_at,sd1_0.dish_id,sd1_0.price_override,sd1_0.quantity,sd1_0.store_id,sd1_0.updated_at from store_dishes sd1_0 join stores s1_0 on s1_0.id=sd1_0.store_id join dishes d1_0 on d1_0.id=sd1_0.dish_id where s1_0.id=? and d1_0.id=?
Hibernate: select sd1_0.id,sd1_0.available,sd1_0.created_at,sd1_0.dish_id,sd1_0.price_override,sd1_0.quantity,sd1_0.store_id,sd1_0.updated_at from store_dishes sd1_0 join stores s1_0 on s1_0.id=sd1_0.store_id join dishes d1_0 on d1_0.id=sd1_0.dish_id where s1_0.id=? and d1_0.id=?
Hibernate: select sd1_0.id,sd1_0.available,sd1_0.created_at,sd1_0.dish_id,sd1_0.price_override,sd1_0.quantity,sd1_0.store_id,sd1_0.updated_at from store_dishes sd1_0 join stores s1_0 on s1_0.id=sd1_0.store_id join dishes d1_0 on d1_0.id=sd1_0.dish_id where s1_0.id=? and d1_0.id=?
2026-04-15T19:18:06.907+07:00  INFO 20492 --- [nio-8080-exec-3] o.a.c.c.C.[Tomcat].[localhost].[/]       : Initializing Spring DispatcherServlet 'dispatcherServlet'
2026-04-15T19:18:06.908+07:00  INFO 20492 --- [nio-8080-exec-3] o.s.web.servlet.DispatcherServlet        : Initializing Servlet 'dispatcherServlet'
2026-04-15T19:18:06.909+07:00  INFO 20492 --- [nio-8080-exec-3] o.s.web.servlet.DispatcherServlet        : Completed initialization in 0 ms
Hibernate: select u1_0.id,u1_0.created_at,u1_0.credit_points,u1_0.email,u1_0.enabled,u1_0.full_name,u1_0.password_hash,u1_0.profile_completed,u1_0.role,u1_0.updated_at,u1_0.verified_at,u1_0.working_store_id from users u1_0 where u1_0.email=?
Hibernate: select us1_0.id,us1_0.created_at,us1_0.expires_at,us1_0.token,us1_0.user_id from user_sessions us1_0 join users u1_0 on u1_0.id=us1_0.user_id where u1_0.id=?
Hibernate: insert into user_sessions (created_at,expires_at,token,user_id) values (?,?,?,?)
Hibernate: delete from user_sessions where id=?
Hibernate: select us1_0.id,us1_0.created_at,us1_0.expires_at,us1_0.token,us1_0.user_id from user_sessions us1_0 where us1_0.token=?
Hibernate: select u1_0.id,u1_0.created_at,u1_0.credit_points,u1_0.email,u1_0.enabled,u1_0.full_name,u1_0.password_hash,u1_0.profile_completed,u1_0.role,u1_0.updated_at,u1_0.verified_at,ws1_0.id,ws1_0.active,ws1_0.address,ws1_0.area,ws1_0.close_time,ws1_0.contact_email,ws1_0.created_at,ws1_0.description,ws1_0.design_signature,ws1_0.franchise_mood,ws1_0.highlight_summary,ws1_0.hours_text,ws1_0.latitude,ws1_0.longitude,ws1_0.name,ws1_0.open_time,ws1_0.personality,ws1_0.phone_number,ws1_0.position_label,ws1_0.slug,ws1_0.specialty,ws1_0.updated_at from users u1_0 left join stores ws1_0 on ws1_0.id=u1_0.working_store_id where u1_0.id=?
Hibernate: select uld1_0.id,uld1_0.active,uld1_0.code,uld1_0.created_at,uld1_0.min_paid_amount,uld1_0.name,uld1_0.store_id,uld1_0.updated_at from user_level_definitions uld1_0 where uld1_0.store_id is null and uld1_0.active order by uld1_0.min_paid_amount,uld1_0.code
Hibernate: select uld1_0.id,uld1_0.active,uld1_0.code,uld1_0.created_at,uld1_0.min_paid_amount,uld1_0.name,uld1_0.store_id,uld1_0.updated_at from user_level_definitions uld1_0 where uld1_0.active order by uld1_0.min_paid_amount,uld1_0.code
Hibernate: select s1_0.id,s1_0.active,s1_0.address,s1_0.area,s1_0.close_time,s1_0.contact_email,s1_0.created_at,s1_0.description,s1_0.design_signature,s1_0.franchise_mood,s1_0.highlight_summary,s1_0.hours_text,s1_0.latitude,s1_0.longitude,s1_0.name,s1_0.open_time,s1_0.personality,s1_0.phone_number,s1_0.position_label,s1_0.slug,s1_0.specialty,s1_0.updated_at from stores s1_0 where s1_0.id=?
Hibernate: select s1_0.id,s1_0.active,s1_0.address,s1_0.area,s1_0.close_time,s1_0.contact_email,s1_0.created_at,s1_0.description,s1_0.design_signature,s1_0.franchise_mood,s1_0.highlight_summary,s1_0.hours_text,s1_0.latitude,s1_0.longitude,s1_0.name,s1_0.open_time,s1_0.personality,s1_0.phone_number,s1_0.position_label,s1_0.slug,s1_0.specialty,s1_0.updated_at from stores s1_0 where s1_0.id=?
Hibernate: select s1_0.id,s1_0.active,s1_0.address,s1_0.area,s1_0.close_time,s1_0.contact_email,s1_0.created_at,s1_0.description,s1_0.design_signature,s1_0.franchise_mood,s1_0.highlight_summary,s1_0.hours_text,s1_0.latitude,s1_0.longitude,s1_0.name,s1_0.open_time,s1_0.personality,s1_0.phone_number,s1_0.position_label,s1_0.slug,s1_0.specialty,s1_0.updated_at from stores s1_0 where s1_0.id=?
Hibernate: select s1_0.id,s1_0.active,s1_0.address,s1_0.area,s1_0.close_time,s1_0.contact_email,s1_0.created_at,s1_0.description,s1_0.design_signature,s1_0.franchise_mood,s1_0.highlight_summary,s1_0.hours_text,s1_0.latitude,s1_0.longitude,s1_0.name,s1_0.open_time,s1_0.personality,s1_0.phone_number,s1_0.position_label,s1_0.slug,s1_0.specialty,s1_0.updated_at from stores s1_0 where s1_0.id=?
Hibernate: select s1_0.id,s1_0.active,s1_0.address,s1_0.area,s1_0.close_time,s1_0.contact_email,s1_0.created_at,s1_0.description,s1_0.design_signature,s1_0.franchise_mood,s1_0.highlight_summary,s1_0.hours_text,s1_0.latitude,s1_0.longitude,s1_0.name,s1_0.open_time,s1_0.personality,s1_0.phone_number,s1_0.position_label,s1_0.slug,s1_0.specialty,s1_0.updated_at from stores s1_0 where s1_0.id=?
Hibernate: select s1_0.id,s1_0.active,s1_0.address,s1_0.area,s1_0.close_time,s1_0.contact_email,s1_0.created_at,s1_0.description,s1_0.design_signature,s1_0.franchise_mood,s1_0.highlight_summary,s1_0.hours_text,s1_0.latitude,s1_0.longitude,s1_0.name,s1_0.open_time,s1_0.personality,s1_0.phone_number,s1_0.position_label,s1_0.slug,s1_0.specialty,s1_0.updated_at from stores s1_0 where s1_0.id=?
Hibernate: select s1_0.id,s1_0.active,s1_0.address,s1_0.area,s1_0.close_time,s1_0.contact_email,s1_0.created_at,s1_0.description,s1_0.design_signature,s1_0.franchise_mood,s1_0.highlight_summary,s1_0.hours_text,s1_0.latitude,s1_0.longitude,s1_0.name,s1_0.open_time,s1_0.personality,s1_0.phone_number,s1_0.position_label,s1_0.slug,s1_0.specialty,s1_0.updated_at from stores s1_0 where s1_0.id=?
Hibernate: select s1_0.id,s1_0.active,s1_0.address,s1_0.area,s1_0.close_time,s1_0.contact_email,s1_0.created_at,s1_0.description,s1_0.design_signature,s1_0.franchise_mood,s1_0.highlight_summary,s1_0.hours_text,s1_0.latitude,s1_0.longitude,s1_0.name,s1_0.open_time,s1_0.personality,s1_0.phone_number,s1_0.position_label,s1_0.slug,s1_0.specialty,s1_0.updated_at from stores s1_0 where s1_0.id=?
Hibernate: select s1_0.id,s1_0.active,s1_0.address,s1_0.area,s1_0.close_time,s1_0.contact_email,s1_0.created_at,s1_0.description,s1_0.design_signature,s1_0.franchise_mood,s1_0.highlight_summary,s1_0.hours_text,s1_0.latitude,s1_0.longitude,s1_0.name,s1_0.open_time,s1_0.personality,s1_0.phone_number,s1_0.position_label,s1_0.slug,s1_0.specialty,s1_0.updated_at from stores s1_0 where s1_0.id=?
